xcrun: error: missing DEVELOPER_DIR path: /Applications/Xcode-beta.app/Contents/Developer
